// Jest Snapshot v1, https://goo.gl/fbAQLP

exports[`<Header /> renders 1`] = `
<styled.header>
  <h1>
    Parking Lot
  </h1>
  <styled.nav>
    <Styled(Link)
      key="Members"
      to="/cars/search"
    >
      Members
    </Styled(Link)>
    <Styled(Link)
      key="Lot"
      to="/lot/search"
    >
      Lot
    </Styled(Link)>
    <Styled(Link)
      key="Register"
      to="/cars/new"
    >
      Register
    </Styled(Link)>
  </styled.nav>
</styled.header>
`;
