// Jest Snapshot v1, https://goo.gl/fbAQLP

exports[`<Header /> renders 1`] = `
<header
  className="header"
>
  <h1>
    Parking Lot
  </h1>
  <nav
    className="nav"
  >
    <Link
      className="link"
      key="Members"
      replace={false}
      to="/cars/search"
    >
      Members
    </Link>
    <Link
      className="link"
      key="Lot"
      replace={false}
      to="/lot/search"
    >
      Lot
    </Link>
    <Link
      className="link"
      key="Register"
      replace={false}
      to="/cars/new"
    >
      Register
    </Link>
  </nav>
</header>
`;
